INFO:     Will watch for changes in these directories: ['/Users/dlalli/forked-dmspc-system-communication']
INFO:     Uvicorn running on http://0.0.0.0:8001 (Press CTRL+C to quit)
INFO:     Started reloader process [41898] using StatReload
Process SpawnProcess-1:
Traceback (most recent call last):
  File "/Library/Frameworks/Python.framework/Versions/3.14/lib/python3.14/multiprocessing/process.py", line 320, in _bootstrap
    self.run()
    ~~~~~~~~^^
  File "/Library/Frameworks/Python.framework/Versions/3.14/lib/python3.14/multiprocessing/process.py", line 108, in run
    self._target(*self._args, **self._kwargs)
    ~~~~~~~~~~~~^^^^^^^^^^^^^^^^^^^^^^^^^^^^^
  File "/Users/dlalli/forked-dmspc-system-communication/.venv/lib/python3.14/site-packages/uvicorn/_subprocess.py", line 80, in subprocess_started
    target(sockets=sockets)
    ~~~~~~^^^^^^^^^^^^^^^^^
  File "/Users/dlalli/forked-dmspc-system-communication/.venv/lib/python3.14/site-packages/uvicorn/server.py", line 77, in run
    return asyncio_run(self.serve(sockets=sockets), loop_factory=self.config.get_loop_factory())
  File "/Library/Frameworks/Python.framework/Versions/3.14/lib/python3.14/asyncio/runners.py", line 204, in run
    return runner.run(main)
           ~~~~~~~~~~^^^^^^
  File "/Library/Frameworks/Python.framework/Versions/3.14/lib/python3.14/asyncio/runners.py", line 127, in run
    return self._loop.run_until_complete(task)
           ~~~~~~~~~~~~~~~~~~~~~~~~~~~~~^^^^^^
  File "/Library/Frameworks/Python.framework/Versions/3.14/lib/python3.14/asyncio/base_events.py", line 719, in run_until_complete
    return future.result()
           ~~~~~~~~~~~~~^^
  File "/Users/dlalli/forked-dmspc-system-communication/.venv/lib/python3.14/site-packages/uvicorn/server.py", line 81, in serve
    await self._serve(sockets)
  File "/Users/dlalli/forked-dmspc-system-communication/.venv/lib/python3.14/site-packages/uvicorn/server.py", line 88, in _serve
    config.load()
    ~~~~~~~~~~~^^
  File "/Users/dlalli/forked-dmspc-system-communication/.venv/lib/python3.14/site-packages/uvicorn/config.py", line 494, in load
    self.loaded_app = self.load_app()
                      ~~~~~~~~~~~~~^^
  File "/Users/dlalli/forked-dmspc-system-communication/.venv/lib/python3.14/site-packages/uvicorn/config.py", line 428, in load_app
    return import_from_string(self.app)
  File "/Users/dlalli/forked-dmspc-system-communication/.venv/lib/python3.14/site-packages/uvicorn/importer.py", line 19, in import_from_string
    module = importlib.import_module(module_str)
  File "/Library/Frameworks/Python.framework/Versions/3.14/lib/python3.14/importlib/__init__.py", line 88, in import_module
    return _bootstrap._gcd_import(name[level:], package, level)
           ~~~~~~~~~~~~~~~~~~~~~~^^^^^^^^^^^^^^^^^^^^^^^^^^^^^^
  File "<frozen importlib._bootstrap>", line 1406, in _gcd_import
  File "<frozen importlib._bootstrap>", line 1371, in _find_and_load
  File "<frozen importlib._bootstrap>", line 1342, in _find_and_load_unlocked
  File "<frozen importlib._bootstrap>", line 938, in _load_unlocked
  File "<frozen importlib._bootstrap_external>", line 759, in exec_module
  File "<frozen importlib._bootstrap>", line 491, in _call_with_frames_removed
  File "/Users/dlalli/forked-dmspc-system-communication/ngRadar_Website/views/views.py", line 15, in <module>
    from ngRadar_Website.utils import create_s3_client, bootstrap, write_transfer_progress, produce, publish_status_obsEvents # , get_presigned_url
    ^^^^^^^^^^^^^^^^^^^^^^^^^^^^^^^^^^^^^^^^^^^^^^^^^^^^^^^^^^^^^^^^^^^^^^^^^^^^^^^^^^^^^^^^^^^^^^^^^^^^^^^^^^^^^^^^^^^^^^^^^
  File "/Users/dlalli/forked-dmspc-system-communication/ngRadar_Website/utils.py", line 6, in <module>
    from ngRadar_Website.models.models import gbtEvent, dsocEvent, ETransferEvent, ObservatoryEvent
  File "/Users/dlalli/forked-dmspc-system-communication/ngRadar_Website/models/__init__.py", line 1, in <module>
    from .models import *
  File "/Users/dlalli/forked-dmspc-system-communication/ngRadar_Website/models/models.py", line 8, in <module>
    class ObservatoryEvent(models.Model):
    ...<51 lines>...
            return f"Obs: {self.object_id} | {self.xmit_station} -> {self.rcvr_station}"
  File "/Users/dlalli/forked-dmspc-system-communication/.venv/lib/python3.14/site-packages/django/db/models/base.py", line 132, in __new__
    app_config = apps.get_containing_app_config(module)
  File "/Users/dlalli/forked-dmspc-system-communication/.venv/lib/python3.14/site-packages/django/apps/registry.py", line 260, in get_containing_app_config
    self.check_apps_ready()
    ~~~~~~~~~~~~~~~~~~~~~^^
  File "/Users/dlalli/forked-dmspc-system-communication/.venv/lib/python3.14/site-packages/django/apps/registry.py", line 137, in check_apps_ready
    settings.INSTALLED_APPS
  File "/Users/dlalli/forked-dmspc-system-communication/.venv/lib/python3.14/site-packages/django/conf/__init__.py", line 122, in __getattr__
    self._setup(name)
    ~~~~~~~~~~~^^^^^^
  File "/Users/dlalli/forked-dmspc-system-communication/.venv/lib/python3.14/site-packages/django/conf/__init__.py", line 102, in _setup
    raise ImproperlyConfigured(
    ...<4 lines>...
    )
django.core.exceptions.ImproperlyConfigured: Requested setting INSTALLED_APPS, but settings are not configured. You must either define the environment variable DJANGO_SETTINGS_MODULE or call settings.configure() before accessing settings.
INFO:     Stopping reloader process [41898]
